// Jest Snapshot v1, https://goo.gl/fbAQLP

exports[`TodosPage should render correct 1`] = `
<TodosPage
  addTodo={[Function]}
  store={
    Object {
      "clearActions": [Function],
      "dispatch": [Function],
      "getActions": [Function],
      "getState": [Function],
      "replaceReducer": [Function],
      "subscribe": [Function],
    }
  }
/>
`;

exports[`TodosPage should render correct with origin component 1`] = `
<todosPage__TodosContainer>
  <todosPage__ToolBar>
    <AddButton
      onClick={[Function]}
    >
      <span
        className="glyphicon glyphicon-plus-sign"
      />
    </AddButton>
  </todosPage__ToolBar>
  <todosPage__TodosView>
    <todosPage__FilterButtonDiv>
      <FilterButton
        onClick={[Function]}
      />
      <Connect(FilterPanel)
        onHidden={[Function]}
        show={false}
      />
    </todosPage__FilterButtonDiv>
    <todosPage__TodoListDiv>
      <Connect(TodoList) />
    </todosPage__TodoListDiv>
    <todosPage__SortButtonDiv
      style={
        Object {
          "display": "inline",
        }
      }
    />
  </todosPage__TodosView>
</todosPage__TodosContainer>
`;
