// Jest Snapshot v1, https://goo.gl/fbAQLP

exports[`AddButton should render correct 1`] = `
<div>
  <AddButtonIcon
    onClick={[Function]}
  >
    <span
      className="glyphicon glyphicon-plus-sign"
    />
  </AddButtonIcon>
  <Connect(EditModal)
    defaultDescription=""
    defaultDueDatetime={0}
    onCancel={[Function]}
    onSave={[Function]}
    title="Add Event"
    visible={false}
  />
</div>
`;
