// Jest Snapshot v1, https://goo.gl/fbAQLP

exports[`StickerToolbar should render correct 1`] = `
<stickerToolbar__Container>
  <ToolButton
    className="far fa-window-minimize"
    onClick={[Function]}
  />
  <ToolButton
    className="far fa-window-maximize"
    onClick={[Function]}
  />
  <ToolButton
    className="far fa-window-close"
    onClick={[Function]}
  />
</stickerToolbar__Container>
`;
