// Jest Snapshot v1, https://goo.gl/fbAQLP

exports[`TodosPage should render correct 1`] = `
<todosPage__TodosContainer>
  <todosPage__ToolBar>
    <AddButton
      onClick={[Function]}
    >
      <span
        className="glyphicon glyphicon-plus-sign"
      />
    </AddButton>
  </todosPage__ToolBar>
  <todosPage__TodosView>
    <todosPage__FilterButtonDiv>
      <FilterButton
        onClick={[Function]}
      />
      <Connect(FilterPanel)
        onHidden={[Function]}
        show={false}
      />
    </todosPage__FilterButtonDiv>
    <todosPage__TodoListDiv>
      <Connect(TodoList) />
    </todosPage__TodoListDiv>
    <todosPage__SortButtonDiv
      style={
        Object {
          "display": "inline",
        }
      }
    />
  </todosPage__TodosView>
</todosPage__TodosContainer>
`;
