// Jest Snapshot v1, https://goo.gl/fbAQLP

exports[`TodoList should render correct with empty 1`] = `
<todoList__TodosListGrid>
  <todoList__ListRow
    dataSource={
      Array [
        Object {
          "complete": false,
          "createTime": 0,
          "description": "Hello!",
          "dueDatetime": 10,
          "id": "1",
        },
        Object {
          "complete": false,
          "createTime": 0,
          "description": "hi!",
          "dueDatetime": 123,
          "id": "2",
        },
        Object {
          "complete": true,
          "createTime": 0,
          "description": "Hello there!",
          "dueDatetime": 0,
          "id": "3",
        },
      ]
    }
    renderItem={[Function]}
  />
  <PaginationRow
    defaultPageSize={3}
    onChange={[Function]}
    total={5}
  />
</todoList__TodosListGrid>
`;

exports[`TodoList should render correct with todos 1`] = `
<todoList__TodosListGrid>
  <todoList__ListRow
    dataSource={
      Array [
        Object {
          "complete": false,
          "createTime": 0,
          "description": "Hello!",
          "dueDatetime": 10,
          "id": "1",
        },
        Object {
          "complete": false,
          "createTime": 0,
          "description": "hi!",
          "dueDatetime": 123,
          "id": "2",
        },
        Object {
          "complete": true,
          "createTime": 0,
          "description": "Hello there!",
          "dueDatetime": 0,
          "id": "3",
        },
      ]
    }
    renderItem={[Function]}
  />
  <PaginationRow
    defaultPageSize={3}
    onChange={[Function]}
    total={5}
  />
</todoList__TodosListGrid>
`;
